// Jest Snapshot v1, https://goo.gl/fbAQLP

exports[`HeaderMenu should render 1`] = `
<ForwardRef>
  <HeaderMenu
    focusRef={null}
    isMenu={true}
    renderMenuContent={[Function]}
  >
    <li
      className="bx--header__submenu"
      onBlur={[Function]}
      onClick={[Function]}
      onKeyDown={[Function]}
    >
       
      <a
        aria-expanded={false}
        aria-haspopup="menu"
        className="bx--header__menu-item bx--header__menu-title"
        href="javascript:void(0)"
        onKeyDown={[Function]}
        role="menuitem"
        tabIndex={0}
      >
        <defaultRenderMenuContent>
          <ChevronDownGlyph
            className="bx--header__menu-arrow"
            focusable={false}
            height={7}
            preserveAspectRatio="xMidYMid meet"
            viewBox="0 0 12 7"
            width={12}
            xmlns="http://www.w3.org/2000/svg"
          >
            <svg
              aria-hidden={true}
              className="bx--header__menu-arrow"
              focusable={false}
              height={7}
              preserveAspectRatio="xMidYMid meet"
              viewBox="0 0 12 7"
              width={12}
              xmlns="http://www.w3.org/2000/svg"
            >
              <path
                d="M6.002 5.55L11.27 0l.726.685L6.002 7 0 .685.726 0z"
              />
            </svg>
          </ChevronDownGlyph>
        </defaultRenderMenuContent>
      </a>
      <ul
        className="bx--header__menu"
        role="menu"
      >
        <ForwardRef
          href="/a"
          key=".0"
          role="none"
        >
          <li
            role="none"
          >
            <Link
              className="bx--header__menu-item"
              element="a"
              href="/a"
              role="menuitem"
              tabIndex={0}
            >
              <a
                className="bx--header__menu-item"
                href="/a"
                role="menuitem"
                tabIndex={0}
              >
                <span
                  className="bx--text-truncate--end"
                >
                  A
                </span>
              </a>
            </Link>
          </li>
        </ForwardRef>
        <ForwardRef
          href="/b"
          key=".1"
          role="none"
        >
          <li
            role="none"
          >
            <Link
              className="bx--header__menu-item"
              element="a"
              href="/b"
              role="menuitem"
              tabIndex={0}
            >
              <a
                className="bx--header__menu-item"
                href="/b"
                role="menuitem"
                tabIndex={0}
              >
                <span
                  className="bx--text-truncate--end"
                >
                  B
                </span>
              </a>
            </Link>
          </li>
        </ForwardRef>
        <ForwardRef
          href="/c"
          key=".2"
          role="none"
        >
          <li
            role="none"
          >
            <Link
              className="bx--header__menu-item"
              element="a"
              href="/c"
              role="menuitem"
              tabIndex={0}
            >
              <a
                className="bx--header__menu-item"
                href="/c"
                role="menuitem"
                tabIndex={0}
              >
                <span
                  className="bx--text-truncate--end"
                >
                  C
                </span>
              </a>
            </Link>
          </li>
        </ForwardRef>
      </ul>
       
    </li>
  </HeaderMenu>
</ForwardRef>
`;
