// Jest Snapshot v1, https://goo.gl/fbAQLP

exports[`Header testcases should render 1`] = `
<Header
  actionItems={
    Array [
      Object {
        "btnContent": <ForwardRef(Notification20)
          description="Icon"
          fill="white"
        />,
        "label": "alerts",
        "onClick": [MockFunction],
      },
      Object {
        "btnContent": <ForwardRef(Help20)
          className="bx--header__menu-item bx--header__menu-title"
          description="Icon"
          fill="white"
        />,
        "childContent": Array [
          Object {
            "content": <p>
              This is a link
            </p>,
            "onCLick": [Function],
          },
          Object {
            "content": <Unknown>
              <span>
                JohnDoe@ibm.com
                <ForwardRef(UserAvatar20)
                  description="Icon"
                  fill="white"
                />
              </span>
            </Unknown>,
            "onCLick": [Function],
          },
        ],
        "label": "help",
        "onClick": [MockFunction],
      },
    ]
  }
  appName="platform"
  className="main-header"
  hasSideNav={true}
  headerPanel={null}
  onClickSideNavExpand={null}
  prefix="IBM"
  skipto="#main-content"
  tenant="acme"
  title="My Title"
  url="#"
  user="j@test.com"
>
  <Header
    aria-label="main header"
    className="main-header"
  >
    <header
      aria-label="main header"
      className="bx--header main-header"
      role="banner"
    >
      <SkipToContent
        href="#main-content"
        tabIndex="0"
      >
        <a
          className="bx--skip-to-content"
          href="#main-content"
          tabIndex="0"
        >
          Skip to main content
        </a>
      </SkipToContent>
      <HeaderMenuButton
        aria-label="Open menu"
        onClick={null}
      >
        <button
          aria-label="Open menu"
          className="bx--header__action bx--header__menu-trigger bx--header__menu-toggle bx--header__menu-toggle__hidden"
          onClick={null}
          title="Open menu"
          type="button"
        >
          <ForwardRef(Menu20)>
            <Icon
              height={20}
              preserveAspectRatio="xMidYMid meet"
              viewBox="0 0 20 20"
              width={20}
              xmlns="http://www.w3.org/2000/svg"
            >
              <svg
                aria-hidden={true}
                focusable="false"
                height={20}
                preserveAspectRatio="xMidYMid meet"
                style={
                  Object {
                    "willChange": "transform",
                  }
                }
                viewBox="0 0 20 20"
                width={20}
                xmlns="http://www.w3.org/2000/svg"
              >
                <path
                  d="M2 14.8h16V16H2zm0-3.6h16v1.2H2zm0-3.6h16v1.2H2zM2 4h16v1.2H2z"
                />
              </svg>
            </Icon>
          </ForwardRef(Menu20)>
        </button>
      </HeaderMenuButton>
      <HeaderName
        href="#"
        prefix="IBM"
      >
        <Link
          className="bx--header__name"
          element="a"
          href="#"
        >
          <a
            className="bx--header__name"
            href="#"
          >
            <Component>
              <span
                className="bx--header__name--prefix"
              >
                IBM
              </span>
              Â 
            </Component>
            platform
          </a>
        </Link>
      </HeaderName>
      <HeaderGlobalBar>
        <div
          className="bx--header__global"
        >
          <HeaderGlobalAction
            aria-label="alerts"
            className="bx--header-action-btn"
            key="menu-item-alerts-global"
            onClick={[MockFunction]}
          >
            <button
              aria-label="alerts"
              className="bx--header-action-btn bx--header__action"
              onClick={[MockFunction]}
              type="button"
            >
              <ForwardRef(Notification20)
                description="Icon"
                fill="white"
              >
                <Icon
                  description="Icon"
                  fill="white"
                  height={20}
                  preserveAspectRatio="xMidYMid meet"
                  viewBox="0 0 32 32"
                  width={20}
                  xmlns="http://www.w3.org/2000/svg"
                >
                  <svg
                    aria-hidden={true}
                    description="Icon"
                    fill="white"
                    focusable="false"
                    height={20}
                    preserveAspectRatio="xMidYMid meet"
                    style={
                      Object {
                        "willChange": "transform",
                      }
                    }
                    viewBox="0 0 32 32"
                    width={20}
                    xmlns="http://www.w3.org/2000/svg"
                  >
                    <path
                      d="M28.7 20.3L26 17.6V13a10.07 10.07 0 0 0-9-10V1h-2v2a10.15 10.15 0 0 0-9 10v4.6l-2.7 2.7a.91.91 0 0 0-.3.7v3a.94.94 0 0 0 1 1h7a5 5 0 0 0 10 0h7a.94.94 0 0 0 1-1v-3a.91.91 0 0 0-.3-.7zM16 28a3 3 0 0 1-3-3h6a3 3 0 0 1-3 3zm11-5H5v-1.6l2.7-2.7A.91.91 0 0 0 8 18v-5a8 8 0 0 1 16 0v5a.91.91 0 0 0 .3.7l2.7 2.7z"
                    />
                  </svg>
                </Icon>
              </ForwardRef(Notification20)>
            </button>
          </HeaderGlobalAction>
          <ForwardRef
            aria-label="help"
            className="bx--header-action-btn"
            isMenu={false}
            key="menu-item-help"
            menuLinkName=""
            renderMenuContent={[Function]}
          >
            <HeaderMenu
              aria-label="help"
              className="bx--header-action-btn"
              focusRef={null}
              isMenu={false}
              menuLinkName=""
              renderMenuContent={[Function]}
            >
              <div
                className="bx--header__submenu bx--header-action-btn"
                onBlur={[Function]}
                onClick={[Function]}
                onKeyDown={[Function]}
              >
                 
                <a
                  aria-expanded={false}
                  aria-haspopup="menu"
                  aria-label="help"
                  className="bx--header__menu-item bx--header__menu-title"
                  href="javascript:void(0)"
                  onKeyDown={[Function]}
                  role="menuitem"
                  tabIndex={0}
                >
                  <renderMenuContent
                    ariaLabel="help"
                  >
                    <ForwardRef(Help20)
                      className="bx--header__menu-item bx--header__menu-title"
                      description="Icon"
                      fill="white"
                    >
                      <Icon
                        className="bx--header__menu-item bx--header__menu-title"
                        description="Icon"
                        fill="white"
                        height={20}
                        preserveAspectRatio="xMidYMid meet"
                        viewBox="0 0 32 32"
                        width={20}
                        xmlns="http://www.w3.org/2000/svg"
                      >
                        <svg
                          aria-hidden={true}
                          className="bx--header__menu-item bx--header__menu-title"
                          description="Icon"
                          fill="white"
                          focusable="false"
                          height={20}
                          preserveAspectRatio="xMidYMid meet"
                          style={
                            Object {
                              "willChange": "transform",
                            }
                          }
                          viewBox="0 0 32 32"
                          width={20}
                          xmlns="http://www.w3.org/2000/svg"
                        >
                          <path
                            d="M16 2a14 14 0 1 0 14 14A14 14 0 0 0 16 2zm0 26a12 12 0 1 1 12-12 12 12 0 0 1-12 12z"
                          />
                          <circle
                            cx="16"
                            cy="23.5"
                            r="1.5"
                          />
                          <path
                            d="M17 8h-1.5a4.49 4.49 0 0 0-4.5 4.5v.5h2v-.5a2.5 2.5 0 0 1 2.5-2.5H17a2.5 2.5 0 0 1 0 5h-2v4.5h2V17a4.5 4.5 0 0 0 0-9z"
                          />
                        </svg>
                      </Icon>
                    </ForwardRef(Help20)>
                  </renderMenuContent>
                </a>
                <ul
                  aria-label="help"
                  className="bx--header__menu"
                  role="menu"
                >
                  <ForwardRef(HeaderMenuItem)
                    key=".$menu-item-help0-child"
                    role="none"
                  >
                    <li
                      role="none"
                    >
                      <Link
                        className="bx--header__menu-item"
                        element="a"
                        role="menuitem"
                        tabIndex={0}
                      >
                        <a
                          className="bx--header__menu-item"
                          role="menuitem"
                          tabIndex={0}
                        >
                          <span
                            className="bx--text-truncate--end"
                          >
                            <p>
                              This is a link
                            </p>
                          </span>
                        </a>
                      </Link>
                    </li>
                  </ForwardRef(HeaderMenuItem)>
                  <ForwardRef(HeaderMenuItem)
                    key=".$menu-item-help1-child"
                    role="none"
                  >
                    <li
                      role="none"
                    >
                      <Link
                        className="bx--header__menu-item"
                        element="a"
                        role="menuitem"
                        tabIndex={0}
                      >
                        <a
                          className="bx--header__menu-item"
                          role="menuitem"
                          tabIndex={0}
                        >
                          <span
                            className="bx--text-truncate--end"
                          >
                            <Component>
                              <span>
                                JohnDoe@ibm.com
                                <ForwardRef(UserAvatar20)
                                  description="Icon"
                                  fill="white"
                                >
                                  <Icon
                                    description="Icon"
                                    fill="white"
                                    height={20}
                                    preserveAspectRatio="xMidYMid meet"
                                    viewBox="0 0 32 32"
                                    width={20}
                                    xmlns="http://www.w3.org/2000/svg"
                                  >
                                    <svg
                                      aria-hidden={true}
                                      description="Icon"
                                      fill="white"
                                      focusable="false"
                                      height={20}
                                      preserveAspectRatio="xMidYMid meet"
                                      style={
                                        Object {
                                          "willChange": "transform",
                                        }
                                      }
                                      viewBox="0 0 32 32"
                                      width={20}
                                      xmlns="http://www.w3.org/2000/svg"
                                    >
                                      <path
                                        d="M16 2a14 14 0 1 0 14 14A14 14 0 0 0 16 2zm-6 24.38v-2A3.22 3.22 0 0 1 13 21h6a3.22 3.22 0 0 1 3 3.39v2a11.92 11.92 0 0 1-12 0zm14-1.46v-.61A5.21 5.21 0 0 0 19 19h-6a5.2 5.2 0 0 0-5 5.31v.59a12 12 0 1 1 16 0z"
                                      />
                                      <path
                                        d="M16 7a5 5 0 1 0 5 5 5 5 0 0 0-5-5zm0 8a3 3 0 1 1 3-3 3 3 0 0 1-3 3z"
                                      />
                                    </svg>
                                  </Icon>
                                </ForwardRef(UserAvatar20)>
                              </span>
                            </Component>
                          </span>
                        </a>
                      </Link>
                    </li>
                  </ForwardRef(HeaderMenuItem)>
                </ul>
                 
              </div>
            </HeaderMenu>
          </ForwardRef>
        </div>
      </HeaderGlobalBar>
    </header>
  </Header>
</Header>
`;
